MET1		NET		1		0
MET1		SPNET		2		0
MET1		PIN		3		0
MET1		LEFPIN		4		0
MET1		FILL		5		0
MET1		FILLOPC		6		0
MET1		VIA		7		0
MET1		VIAFILL		8		0
MET1		VIAFILLOPC		9		0
MET1		LEFOBS		10		0
NAME		MET1/NET		11		0
NAME		MET1/SPNET		12		0
NAME		MET1/PIN		13		0
NAME		MET1/LEFPIN		14		0
VIA1		PIN		15		0
VIA1		LEFPIN		16		0
VIA1		FILL		17		0
VIA1		FILLOPC		18		0
VIA1		VIA		19		0
VIA1		VIAFILL		20		0
VIA1		VIAFILLOPC		21		0
MET2		NET		22		0
MET2		SPNET		23		0
MET2		PIN		24		0
MET2		LEFPIN		25		0
MET2		FILL		26		0
MET2		FILLOPC		27		0
MET2		VIA		28		0
MET2		VIAFILL		29		0
MET2		VIAFILLOPC		30		0
MET2		LEFOBS		31		0
NAME		MET2/NET		32		0
NAME		MET2/SPNET		33		0
NAME		MET2/PIN		34		0
NAME		MET2/LEFPIN		35		0
VIA2		PIN		36		0
VIA2		LEFPIN		37		0
VIA2		FILL		38		0
VIA2		FILLOPC		39		0
VIA2		VIA		40		0
VIA2		VIAFILL		41		0
VIA2		VIAFILLOPC		42		0
MET3		NET		43		0
MET3		SPNET		44		0
MET3		PIN		45		0
MET3		LEFPIN		46		0
MET3		FILL		47		0
MET3		FILLOPC		48		0
MET3		VIA		49		0
MET3		VIAFILL		50		0
MET3		VIAFILLOPC		51		0
MET3		LEFOBS		52		0
NAME		MET3/NET		53		0
NAME		MET3/SPNET		54		0
NAME		MET3/PIN		55		0
NAME		MET3/LEFPIN		56		0
VIA3		PIN		57		0
VIA3		LEFPIN		58		0
VIA3		FILL		59		0
VIA3		FILLOPC		60		0
VIA3		VIA		61		0
VIA3		VIAFILL		62		0
VIA3		VIAFILLOPC		63		0
MET4		NET		64		0
MET4		SPNET		65		0
MET4		PIN		66		0
MET4		LEFPIN		67		0
MET4		FILL		68		0
MET4		FILLOPC		69		0
MET4		VIA		70		0
MET4		VIAFILL		71		0
MET4		VIAFILLOPC		72		0
MET4		LEFOBS		73		0
NAME		MET4/NET		74		0
NAME		MET4/SPNET		75		0
NAME		MET4/PIN		76		0
NAME		MET4/LEFPIN		77		0
NAME		COMP		78		0
COMP		ALL		79		0
DIEAREA		ALL		80		0
